192.168.1.10 - alice - 200
192.168.1.10 - alice - 200
192.168.1.10 - alice - 200
192.168.1.10 - alice - 200
192.168.1.10 - alice - 200
192.168.1.10 - alice - 200
192.168.1.10 - alice - 200
192.168.1.10 - alice - 200

192.168.1.11 - bob - 200
192.168.1.11 - bob - 200
192.168.1.11 - bob - 200
192.168.1.11 - bob - 200
192.168.1.11 - bob - 200
192.168.1.11 - bob - 200
192.168.1.11 - bob - 200
192.168.1.11 - bob - 200
192.168.1.11 - bob - 200
192.168.1.11 - bob - 200

192.168.1.12 - charlie - 200
192.168.1.12 - charlie - 200
192.168.1.12 - charlie - 200
192.168.1.12 - charlie - 200
192.168.1.12 - charlie - 200

192.168.1.11 - bob - 500
192.168.1.10 - alice - 404